// Jest Snapshot v1, https://goo.gl/fbAQLP

exports[`VenueSwipe should match snapshot 1`] = `
<button
  className="c-venue-photos__swipe--meta qa-carousel-swipe"
  onClick={[MockFunction]}
>
  <i
    className="fas fa-chevron-meta"
  />
</button>
`;
