// Jest Snapshot v1, https://goo.gl/fbAQLP

exports[`VenueList should match snapshot 1`] = `""`;
