// Jest Snapshot v1, https://goo.gl/fbAQLP

exports[`venue photos should match snapshot 1`] = `""`;
