// Jest Snapshot v1, https://goo.gl/fbAQLP

exports[`venue swipe should match snapshot 1`] = `""`;
