// Jest Snapshot v1, https://goo.gl/fbAQLP

exports[`venue image should match snapshot 1`] = `""`;
