// Jest Snapshot v1, https://goo.gl/fbAQLP

exports[`poll display should match snapshot 1`] = `
<div
  className="c-poll-display"
>
  <PollTitle
    actions={
      Object {
        "formAddOption": [MockFunction],
        "formClearState": [MockFunction],
        "formRemoveOption": [MockFunction],
        "formSetAdd": [MockFunction],
        "formSetTitle": [MockFunction],
        "formToggleDelete": [MockFunction],
        "formToggleSecret": [MockFunction],
        "listClearState": [MockFunction],
        "listSetSearch": [MockFunction],
        "metaAddErrors": [MockFunction],
        "metaCloseError": [MockFunction],
        "metaCreatePoll": [MockFunction],
        "metaDeletePoll": [MockFunction],
        "metaGetPolls": [MockFunction],
        "metaGetUser": [MockFunction],
        "metaNoOp": [MockFunction],
        "metaSetLoading": [MockFunction],
        "metaSetState": [MockFunction],
        "metaTimeoutError": [MockFunction],
        "metaToggleDelete": [MockFunction],
        "pollAddOption": [MockFunction],
        "pollCastVote": [MockFunction],
        "pollRemoveOption": [MockFunction],
        "pollToggleFlag": [MockFunction],
        "pollToggleHide": [MockFunction],
        "pollToggleSecret": [MockFunction],
        "viewClearState": [MockFunction],
        "viewSetAdd": [MockFunction],
        "viewToggleDelete": [MockFunction],
        "viewToggleSettings": [MockFunction],
      }
    }
    data={
      Object {
        "errors": Array [],
        "form": Object {
          "add": "",
          "delete": false,
          "options": Array [],
          "secret": false,
          "title": "",
        },
        "list": Object {
          "search": "",
        },
        "loading": 0,
        "meta": Object {
          "delete": false,
        },
        "polls": Array [],
        "user": Object {},
        "view": Object {
          "add": "",
          "delete": false,
          "settings": false,
        },
      }
    }
    history={
      Object {
        "push": [MockFunction],
      }
    }
    location={Object {}}
    match={Object {}}
    staticContext={Object {}}
  />
  <hr />
  <PollChart
    actions={
      Object {
        "formAddOption": [MockFunction],
        "formClearState": [MockFunction],
        "formRemoveOption": [MockFunction],
        "formSetAdd": [MockFunction],
        "formSetTitle": [MockFunction],
        "formToggleDelete": [MockFunction],
        "formToggleSecret": [MockFunction],
        "listClearState": [MockFunction],
        "listSetSearch": [MockFunction],
        "metaAddErrors": [MockFunction],
        "metaCloseError": [MockFunction],
        "metaCreatePoll": [MockFunction],
        "metaDeletePoll": [MockFunction],
        "metaGetPolls": [MockFunction],
        "metaGetUser": [MockFunction],
        "metaNoOp": [MockFunction],
        "metaSetLoading": [MockFunction],
        "metaSetState": [MockFunction],
        "metaTimeoutError": [MockFunction],
        "metaToggleDelete": [MockFunction],
        "pollAddOption": [MockFunction],
        "pollCastVote": [MockFunction],
        "pollRemoveOption": [MockFunction],
        "pollToggleFlag": [MockFunction],
        "pollToggleHide": [MockFunction],
        "pollToggleSecret": [MockFunction],
        "viewClearState": [MockFunction],
        "viewSetAdd": [MockFunction],
        "viewToggleDelete": [MockFunction],
        "viewToggleSettings": [MockFunction],
      }
    }
    data={
      Object {
        "errors": Array [],
        "form": Object {
          "add": "",
          "delete": false,
          "options": Array [],
          "secret": false,
          "title": "",
        },
        "list": Object {
          "search": "",
        },
        "loading": 0,
        "meta": Object {
          "delete": false,
        },
        "polls": Array [],
        "user": Object {},
        "view": Object {
          "add": "",
          "delete": false,
          "settings": false,
        },
      }
    }
    history={
      Object {
        "push": [MockFunction],
      }
    }
    location={Object {}}
    match={Object {}}
    staticContext={Object {}}
  />
</div>
`;
