// Jest Snapshot v1, https://goo.gl/fbAQLP

exports[`form should match snapshot 1`] = `
<div
  className="c-ui__form"
/>
`;
